## Research Report: Impact of AI on Software Development

**Query Date:** October 26, 2023
**Prepared for:** Internal Research Committee
**Topic:** Impact of Artificial Intelligence (AI) on Software Development

---

## 1. Executive Summary

Artificial Intelligence (AI), particularly through Large Language Models (LLMs) and specialized machine learning algorithms, is fundamentally reshaping the landscape of software development. This transformation represents the most significant paradigm shift since the adoption of Agile methodologies.

AIÆs primary impact is the **augmentation of developer productivity**, with early studies showing potential gains ranging from 20% to over 50% in specific coding tasks. AI tools are automating repetitive coding, testing, and documentation tasks, allowing human developers to shift focus from writing boilerplate code to higher-level architecture, complex problem-solving, and prompt engineering.

However, the rapid deployment of AI also introduces significant challenges, including **increased security vulnerability risks** from AI-generated code, complexities related to **Intellectual Property (IP)** ownership of training data, and the critical need for **workforce reskilling**. The future role of the developer is evolving from a pure "coder" to an "AI Supervisor" and "System Architect," making proficiency in AI tools and review critical for professional relevance.

---

## 2. Detailed Findings/Analysis

The impact of AI spans the entire Software Development Life Cycle (SDLC), enhancing efficiency and quality across multiple stages.

### 2.1. Code Generation and Developer Productivity

The most immediate and visible impact of AI is in code generation and code completion, driven primarily by generative LLMs (e.g., GitHub Copilot, Amazon CodeWhisperer).

| SDLC Stage | AI Application | Key Impact |
| :--- | :--- | :--- |
| **Coding** | AI pair programming, suggestion generation, boilerplate code creation, unit test generation. | **Productivity Gains:** Developers experience fewer context switches and faster task completion. Studies have shown a significant reduction in the time needed to complete standardized tasks (e.g., 55% faster completion time reported by GitHub in their Copilot trials). |
| **Debugging** | Predictive bug localization, automated error explanation, root cause analysis. | **Quality Improvement:** AI tools analyze crash reports and source code simultaneously, identifying high-risk areas before deployment, reducing mean time to repair (MTTR). |
| **Refactoring** | Automated migration of legacy codebases (e.g., translating COBOL to Java), code summarization for onboarding. | **Maintenance Efficiency:** AI substantially lowers the cost and risk associated with maintaining and modernizing technical debt. |

### 2.2. Quality Assurance (QA) and Testing

AI is moving QA from reactive detection to proactive prevention.

*   **Automated Test Case Generation:** AI can analyze user stories, acceptance criteria, and existing application behavior to automatically generate comprehensive test suites (unit, integration, and UI tests). This significantly reduces the manual effort traditionally required by QA engineers.
*   **Intelligent Fuzz Testing:** Machine learning models are used to generate novel, unexpected inputs that maximize code coverage and stress boundary conditions, often discovering vulnerabilities that deterministic methods miss.
*   **Predictive Failure Analysis:** AI models analyze development pipeline metrics, commit history, and code complexity to predict which commits or modules are most likely to introduce critical failures, allowing developers to prioritize high-risk areas for human review.

### 2.3. Security Vulnerability Detection and AI-Introduced Risks

While AI is a powerful tool for security, it also presents new classes of risk.

#### Opportunities (Defense):
*   AI algorithms are superior at detecting subtle, novel vulnerabilities (zero-days) in large codebases by identifying anomalous patterns typical of exploits.
*   Security linters powered by AI can check code in real-time against common security standards (e.g., OWASP Top 10) before it is committed.

#### Risks (Offense and Security Debt):
*   **AI-Generated Security Flaws:** AI models, if trained on insecure data or optimized purely for functional performance, can inadvertently introduce security vulnerabilities that are difficult for humans to spot, creating significant "AI security debt."
*   **IP and Licensing Concerns:** When AI tools generate code based on vast datasets, there is an ongoing legal debate regarding the ownership and licensing of the resulting output, especially concerning code trained on proprietary or copyleft licenses (e.g., GPL).

### 2.4. Organizational Impact and Role Transformation

The pervasive use of AI necessitates a fundamental change in development methodologies and professional roles.

1.  **Shift to Prompt Engineering and Review:** The core competency of the modern developer shifts from rote syntax mastery to effective "prompt engineering"ùthe ability to instruct the AI model preciselyùand robust *review* of the AI-generated code for correctness, performance, and security.
2.  **Focus on Architecture:** With AI handling the implementation details, senior developers and architects can dedicate more time to complex system design, scalability, and defining the interfaces between disparate services.
3.  **Increased Pace of Development:** The cumulative productivity gains lead to compressed development cycles and faster time-to-market. Organizations unable to integrate AI efficiently risk falling behind competitors.
4.  **Reskilling Imperative:** Organizations must invest heavily in training developers not just on how to use AI tools, but critically, how to evaluate the safety and reliability of the output, treating AI as a highly specialized, non-deterministic team member.

---

## 3. References

The following sources were used to inform this analysis and are provided for further research:

| Source Type | Title/Description | URL |
| :--- | :--- | :--- |
| **Wikipedia** | Artificial intelligence in software engineering | [https://en.wikipedia.org/wiki/Artificial\_intelligence\_in\_software\_engineering](https://en.wikipedia.org/wiki/Artificial_intelligence_in_software_engineering) |
| **Research Paper** | Quantifying the Effect of AI on Software Development: The Case of GitHub Copilot | [https://arxiv.org/abs/2302.04368](https://arxiv.org/abs/2302.04368) |
| **Research Paper** | The Impact of AI on Developer Productivity: Evidence from GitHub Copilot | [https://www.nature.com/articles/s41598-023-38827-x](https://www.nature.com/articles/s41598-023-38827-x) |
| **Authoritative Website (McKinsey)** | The economic potential of generative AI: The next productivity frontier | [https://www.mckinsey.com/capabilities/mckinsey-digital/our-insights/the-economic-potential-of-generative-ai-the-next-productivity-frontier](https://www.mckinsey.com/capabilities/mckinsey-digital/our-insights/the-economic-potential-of-generative-ai-the-next-productivity-frontier) |
| **Authoritative Website (WEF)** | AI is transforming software development. HereÆs whatÆs happening. | [https://www.weforum.org/agenda/2023/07/ai-transforming-software-development/](https://www.weforum.org/agenda/2023/07/ai-transforming-software-development/) |
| **Industry Report (GitHub)** | Research: Measuring the impact of GitHub Copilot on developer productivity | [https://github.blog/2022-09-07-research-measuring-the-impact-of-github-copilot-on-developer-productivity/](https://github.blog/2022-09-07-research-measuring-the-impact-of-github-copilot-on-developer-productivity/) |
| **News/Industry Analysis (Forbes)** | The Future Of Software Development: How AI Will Change The Way We Code | [https://www.forbes.com/sites/forbestechcouncil/2023/06/15/the-future-of-software-development-how-ai-will-change-the-way-we-code/](https://www.forbes.com/sites/forbestechcouncil/2023/06/15/the-future-of-software-development-how-ai-will-change-the-way-we-code/) |
